// Jest Snapshot v1, https://goo.gl/fbAQLP

exports[`TouchTextButton should render the correct TouchTextButton component 1`] = `
<View
  accessibilityComponentType={undefined}
  accessibilityLabel={undefined}
  accessibilityTraits={undefined}
  accessible={true}
  hitSlop={undefined}
  nativeBackgroundAndroid={
    Object {
      "attribute": "selectableItemBackground",
      "type": "ThemeAttrAndroid",
    }
  }
  onLayout={undefined}
  onResponderGrant={[Function]}
  onResponderMove={[Function]}
  onResponderRelease={[Function]}
  onResponderTerminate={[Function]}
  onResponderTerminationRequest={[Function]}
  onStartShouldSetResponder={[Function]}
  style={
    Array [
      Object {
        "backgroundColor": "#008CBA",
        "borderColor": "#008CBA",
        "borderRadius": 3,
        "borderWidth": 1,
        "paddingBottom": 10,
        "paddingLeft": 15,
        "paddingRight": 15,
        "paddingTop": 10,
      },
      undefined,
    ]
  }
  testID={undefined}
>
  <Text
    accessible={true}
    allowFontScaling={true}
    ellipsizeMode="tail"
    style={
      Array [
        Object {
          "color": "#fff",
          "fontSize": 18,
          "fontWeight": "bold",
          "textAlign": "center",
        },
        undefined,
      ]
    }
  >
    Touch text button
  </Text>
</View>
`;
